package pkg

import "bytes"

func fn() {
	_ = bytes.Equal(nil, nil)  //@ diag(` bytes.Equal`)
	_ = !bytes.Equal(nil, nil) //@ diag(`!bytes.Equal`)
	_ = bytes.Compare(nil, nil) > 0
	_ = bytes.Compare(nil, nil) < 0
}
