//go:build go1.18

package pkg

func tpfn[T []int]() {
	var n int
	var bs T
	var offset int

	copy(bs[:n], bs[offset:])
}
