// Package pkg ...
package pkg

func fn(x string, y int) {
	if x == "" { //@ diag(`Yoda`)
	}
	if y == 0 { //@ diag(`Yoda`)
	}
	if 0 > y {
	}
	if "" == "" {
	}

	if "" == "" || y == 0 { //@ diag(`Yoda`)
	}
}
