package pkg

func fn() {
	var m map[int]int
	var ch chan int
	var fn func() (int, bool)

	x := m[0] //@ diag(`unnecessary assignment to the blank identifier`)
	x = <-ch  //@ diag(`unnecessary assignment to the blank identifier`)
	x, _ = fn()
	_ = x
}
